// Vitest Snapshot v1, https://vitest.dev/guide/snapshot.html

exports[`html helpers > escapeHtml > coerces non-string input 1`] = `"42"`;

exports[`html helpers > escapeHtml > coerces non-string input 2`] = `"null"`;

exports[`html helpers > escapeHtml > coerces non-string input 3`] = `"undefined"`;

exports[`html helpers > escapeHtml > does NOT escape single quotes (legacy behavior, pinned) 1`] = `"it's fine"`;

exports[`html helpers > escapeHtml > escapes ampersand before other entities (order matters) 1`] = `"&amp;lt;"`;

exports[`html helpers > escapeHtml > escapes ampersands 1`] = `"Tom &amp; Jerry"`;

exports[`html helpers > escapeHtml > escapes double quotes 1`] = `"he said &quot;hi&quot;"`;

exports[`html helpers > escapeHtml > escapes less-than and greater-than 1`] = `"&lt;script&gt;alert(1)&lt;/script&gt;"`;

exports[`html helpers > escapeHtml > returns empty string for empty input 1`] = `""`;

exports[`html helpers > getSourceBadgeHtml > renders AI badge 1`] = `"<span class="tag-indicator source" title="AI created lists"><i class="md-icon" style="font-size:1.1em;">auto_awesome</i></span>"`;

exports[`html helpers > getSourceBadgeHtml > renders External badge 1`] = `"<span class="tag-indicator source" title="External List"><i class="md-icon" style="font-size:1.1em;">language</i></span>"`;

exports[`html helpers > getSourceBadgeHtml > renders LocalCollection badge 1`] = `"<span class="tag-indicator source" title="Local Collection"><i class="md-icon" style="font-size:1.1em;">folder_special</i></span>"`;

exports[`html helpers > getSourceBadgeHtml > renders LocalPlaylist badge 1`] = `"<span class="tag-indicator source" title="Local Playlist"><i class="md-icon" style="font-size:1.1em;">playlist_play</i></span>"`;

exports[`html helpers > getSourceBadgeHtml > renders MediaInfo badge 1`] = `"<span class="tag-indicator source" title="Smart Playlist"><i class="md-icon" style="font-size:1.1em;">tune</i></span>"`;

exports[`html helpers > getSourceBadgeHtml > returns empty string for empty input 1`] = `""`;

exports[`html helpers > getSourceBadgeHtml > returns empty string for unknown source 1`] = `""`;
