// Vitest Snapshot v1, https://vitest.dev/guide/snapshot.html

exports[`isScheduleCurrentlyActive > EveryYear: returns false when current month/day is outside range 1`] = `false`;

exports[`isScheduleCurrentlyActive > EveryYear: returns true when current month/day is in range 1`] = `false`;

exports[`isScheduleCurrentlyActive > returns false for empty intervals 1`] = `false`;

exports[`isScheduleCurrentlyActive > returns false for null input 1`] = `false`;

exports[`isScheduleCurrentlyActive > returns false when SpecificDate interval is in the future 1`] = `false`;

exports[`isScheduleCurrentlyActive > returns false when SpecificDate interval is in the past 1`] = `false`;

exports[`isScheduleCurrentlyActive > returns false when Weekly interval excludes today 1`] = `false`;

exports[`isScheduleCurrentlyActive > returns true when SpecificDate interval contains now 1`] = `true`;

exports[`isScheduleCurrentlyActive > returns true when Weekly interval includes today (Wednesday) 1`] = `true`;

exports[`isScheduleCurrentlyActive > uses .some() — one matching interval is enough 1`] = `true`;
